[  822289ms] [WARNING] [Vue warn]: Property "previewLgStyle" was accessed during render but is not defined on instance. 
  at <ElDialogContent key=0 ref_key="dialogContentRef" ref=Ref< Proxy(Object) >  ... > 
  at <ElFocusTrap loop="" trapped=true focus-start-el="container"  ... > 
  at <ElOverlay custom-mask-event="" mask=true overlay-class= [, el-modal-dialog, ]  ... > 
  at <BaseTransition onAfterEnter=fn<afterEnter> onBeforeLeave=fn<beforeLeave> onAfterLeave=fn<afterLeave>  ... > 
  at <Transition name="dialog-fade" onAfterEnter=fn<afterEnter> onBeforeLeave=fn<beforeLeave>  ... > 
  at <ElDialog modelValue=true onUpdate:modelValue=fn title="编辑头像"  ... > 
  at <Profile onVnodeUnmounted=fn<onVnodeUnmounted> ref=Ref< Proxy(Object) > > 
  at <RouterView> 
  at <App> @ http://localhost:3000/node_modules/.vite/deps/chunk-UC4PQXLF.js?v=0c80bec8:2224
[  822291ms] [WARNING] [Vue warn]: Property "previewSmStyle" was accessed during render but is not defined on instance. 
  at <ElDialogContent key=0 ref_key="dialogContentRef" ref=Ref< Proxy(Object) >  ... > 
  at <ElFocusTrap loop="" trapped=true focus-start-el="container"  ... > 
  at <ElOverlay custom-mask-event="" mask=true overlay-class= [, el-modal-dialog, ]  ... > 
  at <BaseTransition onAfterEnter=fn<afterEnter> onBeforeLeave=fn<beforeLeave> onAfterLeave=fn<afterLeave>  ... > 
  at <Transition name="dialog-fade" onAfterEnter=fn<afterEnter> onBeforeLeave=fn<beforeLeave>  ... > 
  at <ElDialog modelValue=true onUpdate:modelValue=fn title="编辑头像"  ... > 
  at <Profile onVnodeUnmounted=fn<onVnodeUnmounted> ref=Ref< Proxy(Object) > > 
  at <RouterView> 
  at <App> @ http://localhost:3000/node_modules/.vite/deps/chunk-UC4PQXLF.js?v=0c80bec8:2224
[  852631ms] [WARNING] [Vue warn]: Property "gridStyle" was accessed during render but is not defined on instance. 
  at <ElDialogContent key=0 ref_key="dialogContentRef" ref=Ref< Proxy(Object) >  ... > 
  at <ElFocusTrap loop="" trapped=true focus-start-el="container"  ... > 
  at <ElOverlay custom-mask-event="" mask=true overlay-class= [, el-modal-dialog, ]  ... > 
  at <BaseTransition onAfterEnter=fn<afterEnter> onBeforeLeave=fn<beforeLeave> onAfterLeave=fn<afterLeave>  ... > 
  at <Transition name="dialog-fade" onAfterEnter=fn<afterEnter> onBeforeLeave=fn<beforeLeave>  ... > 
  at <ElDialog modelValue=true onUpdate:modelValue=fn title="编辑头像"  ... > 
  at <Profile onVnodeUnmounted=fn<onVnodeUnmounted> ref=Ref< Proxy(Object) > > 
  at <RouterView> 
  at <App> @ http://localhost:3000/node_modules/.vite/deps/chunk-UC4PQXLF.js?v=0c80bec8:2224
[  852633ms] [WARNING] [Vue warn]: Property "previewLgStyle" was accessed during render but is not defined on instance. 
  at <ElDialogContent key=0 ref_key="dialogContentRef" ref=Ref< Proxy(Object) >  ... > 
  at <ElFocusTrap loop="" trapped=true focus-start-el="container"  ... > 
  at <ElOverlay custom-mask-event="" mask=true overlay-class= [, el-modal-dialog, ]  ... > 
  at <BaseTransition onAfterEnter=fn<afterEnter> onBeforeLeave=fn<beforeLeave> onAfterLeave=fn<afterLeave>  ... > 
  at <Transition name="dialog-fade" onAfterEnter=fn<afterEnter> onBeforeLeave=fn<beforeLeave>  ... > 
  at <ElDialog modelValue=true onUpdate:modelValue=fn title="编辑头像"  ... > 
  at <Profile onVnodeUnmounted=fn<onVnodeUnmounted> ref=Ref< Proxy(Object) > > 
  at <RouterView> 
  at <App> @ http://localhost:3000/node_modules/.vite/deps/chunk-UC4PQXLF.js?v=0c80bec8:2224
[  852633ms] [WARNING] [Vue warn]: Property "previewSmStyle" was accessed during render but is not defined on instance. 
  at <ElDialogContent key=0 ref_key="dialogContentRef" ref=Ref< Proxy(Object) >  ... > 
  at <ElFocusTrap loop="" trapped=true focus-start-el="container"  ... > 
  at <ElOverlay custom-mask-event="" mask=true overlay-class= [, el-modal-dialog, ]  ... > 
  at <BaseTransition onAfterEnter=fn<afterEnter> onBeforeLeave=fn<beforeLeave> onAfterLeave=fn<afterLeave>  ... > 
  at <Transition name="dialog-fade" onAfterEnter=fn<afterEnter> onBeforeLeave=fn<beforeLeave>  ... > 
  at <ElDialog modelValue=true onUpdate:modelValue=fn title="编辑头像"  ... > 
  at <Profile onVnodeUnmounted=fn<onVnodeUnmounted> ref=Ref< Proxy(Object) > > 
  at <RouterView> 
  at <App> @ http://localhost:3000/node_modules/.vite/deps/chunk-UC4PQXLF.js?v=0c80bec8:2224
