[  164567ms] [WARNING] [Vue warn]: Unhandled error during execution of render function 
  at <ElDialogContent key=0 ref_key="dialogContentRef" ref=Ref< undefined >  ... > 
  at <ElFocusTrap loop="" trapped=true focus-start-el="container"  ... > 
  at <ElOverlay custom-mask-event="" mask=true overlay-class= [, el-modal-dialog, ]  ... > 
  at <BaseTransition onAfterEnter=fn<afterEnter> onBeforeLeave=fn<beforeLeave> onAfterLeave=fn<afterLeave>  ... > 
  at <Transition name="dialog-fade" onAfterEnter=fn<afterEnter> onBeforeLeave=fn<beforeLeave>  ... > 
  at <ElDialog modelValue=true onUpdate:modelValue=fn title="编辑头像"  ... > 
  at <Profile onVnodeUnmounted=fn<onVnodeUnmounted> ref=Ref< Proxy(Object) > > 
  at <RouterView> 
  at <App> @ http://localhost:3000/node_modules/.vite/deps/chunk-UC4PQXLF.js?v=0c80bec8:2224
[  164568ms] [WARNING] [Vue warn]: Unhandled error during execution of component update 
  at <BaseTransition onAfterEnter=fn<afterEnter> onBeforeLeave=fn<beforeLeave> onAfterLeave=fn<afterLeave>  ... > 
  at <Transition name="dialog-fade" onAfterEnter=fn<afterEnter> onBeforeLeave=fn<beforeLeave>  ... > 
  at <ElDialog modelValue=true onUpdate:modelValue=fn title="编辑头像"  ... > 
  at <Profile onVnodeUnmounted=fn<onVnodeUnmounted> ref=Ref< Proxy(Object) > > 
  at <RouterView> 
  at <App> @ http://localhost:3000/node_modules/.vite/deps/chunk-UC4PQXLF.js?v=0c80bec8:2224
[  164574ms] TypeError: Cannot read properties of null (reading 'value')
    at http://localhost:3000/src/views/Profile.vue?t=1778853359106:684:40
    at renderFnWithContext (http://localhost:3000/node_modules/.vite/deps/chunk-UC4PQXLF.js?v=0c80bec8:2883:13)
    at renderSlot (http://localhost:3000/node_modules/.vite/deps/chunk-UC4PQXLF.js?v=0c80bec8:5460:53)
    at http://localhost:3000/node_modules/.vite/deps/element-plus.js?v=0c80bec8:38839:34
    at Object.renderFnWithContext [as fn] (http://localhost:3000/node_modules/.vite/deps/chunk-UC4PQXLF.js?v=0c80bec8:2883:13)
    at slots.<computed> (http://localhost:3000/node_modules/.vite/deps/chunk-UC4PQXLF.js?v=0c80bec8:5430:26)
    at renderSlot (http://localhost:3000/node_modules/.vite/deps/chunk-UC4PQXLF.js?v=0c80bec8:5460:53)
    at Proxy.<anonymous> (http://localhost:3000/node_modules/.vite/deps/element-plus.js?v=0c80bec8:38718:13)
    at renderComponentRoot (http://localhost:3000/node_modules/.vite/deps/chunk-UC4PQXLF.js?v=0c80bec8:6748:17)
    at ReactiveEffect.componentUpdateFn [as fn] (http://localhost:3000/node_modules/.vite/deps/chunk-UC4PQXLF.js?v=0c80bec8:8321:46)
[  164574ms] TypeError: Cannot read properties of null (reading 'value')
    at http://localhost:3000/src/views/Profile.vue?t=1778853359106:684:40
    at renderFnWithContext (http://localhost:3000/node_modules/.vite/deps/chunk-UC4PQXLF.js?v=0c80bec8:2883:13)
    at renderSlot (http://localhost:3000/node_modules/.vite/deps/chunk-UC4PQXLF.js?v=0c80bec8:5460:53)
    at http://localhost:3000/node_modules/.vite/deps/element-plus.js?v=0c80bec8:38839:34
    at Object.renderFnWithContext [as fn] (http://localhost:3000/node_modules/.vite/deps/chunk-UC4PQXLF.js?v=0c80bec8:2883:13)
    at slots.<computed> (http://localhost:3000/node_modules/.vite/deps/chunk-UC4PQXLF.js?v=0c80bec8:5430:26)
    at renderSlot (http://localhost:3000/node_modules/.vite/deps/chunk-UC4PQXLF.js?v=0c80bec8:5460:53)
    at Proxy.<anonymous> (http://localhost:3000/node_modules/.vite/deps/element-plus.js?v=0c80bec8:38718:13)
    at renderComponentRoot (http://localhost:3000/node_modules/.vite/deps/chunk-UC4PQXLF.js?v=0c80bec8:6748:17)
    at ReactiveEffect.componentUpdateFn [as fn] (http://localhost:3000/node_modules/.vite/deps/chunk-UC4PQXLF.js?v=0c80bec8:8321:46)
[  164574ms] TypeError: Cannot read properties of null (reading 'value')
    at http://localhost:3000/src/views/Profile.vue?t=1778853359106:684:40
    at renderFnWithContext (http://localhost:3000/node_modules/.vite/deps/chunk-UC4PQXLF.js?v=0c80bec8:2883:13)
    at renderSlot (http://localhost:3000/node_modules/.vite/deps/chunk-UC4PQXLF.js?v=0c80bec8:5460:53)
    at http://localhost:3000/node_modules/.vite/deps/element-plus.js?v=0c80bec8:38839:34
    at Object.renderFnWithContext [as fn] (http://localhost:3000/node_modules/.vite/deps/chunk-UC4PQXLF.js?v=0c80bec8:2883:13)
    at slots.<computed> (http://localhost:3000/node_modules/.vite/deps/chunk-UC4PQXLF.js?v=0c80bec8:5430:26)
    at renderSlot (http://localhost:3000/node_modules/.vite/deps/chunk-UC4PQXLF.js?v=0c80bec8:5460:53)
    at Proxy.<anonymous> (http://localhost:3000/node_modules/.vite/deps/element-plus.js?v=0c80bec8:38718:13)
    at renderComponentRoot (http://localhost:3000/node_modules/.vite/deps/chunk-UC4PQXLF.js?v=0c80bec8:6748:17)
    at ReactiveEffect.componentUpdateFn [as fn] (http://localhost:3000/node_modules/.vite/deps/chunk-UC4PQXLF.js?v=0c80bec8:8321:46)
